// Jest Snapshot v1, https://goo.gl/fbAQLP

exports[`<SeasonRevenuePanel /> should render correctly 1`] = `
ShallowWrapper {
  "length": 1,
  Symbol(enzyme.__root__): [Circular],
  Symbol(enzyme.__unrendered__): <SeasonRevenuePanel
    seasonStatActions={
        Object {
            "fetch": [Function],
            "setDateRange": [Function],
            "setGroupFilter": [Function],
          }
    }
    seasonStatState={
        Object {
            "dateRange": Object {
              "from": null,
              "to": null,
            },
            "eventDateLimits": Object {
              "from": null,
              "to": null,
            },
            "groupFilters": Array [],
            "loading": true,
            "seasonStats": Array [],
            "selectedGroupFilter": null,
          }
    }
/>,
  Symbol(enzyme.__renderer__): Object {
    "batchedUpdates": [Function],
    "getNode": [Function],
    "render": [Function],
    "simulateEvent": [Function],
    "unmount": [Function],
  },
  Symbol(enzyme.__node__): Object {
    "instance": null,
    "key": undefined,
    "nodeType": "class",
    "props": Object {
      "children": [Function],
    },
    "ref": null,
    "rendered": [Function],
    "type": [Function],
  },
  Symbol(enzyme.__nodes__): Array [
    Object {
      "instance": null,
      "key": undefined,
      "nodeType": "class",
      "props": Object {
        "children": [Function],
      },
      "ref": null,
      "rendered": [Function],
      "type": [Function],
    },
  ],
  Symbol(enzyme.__options__): Object {
    "adapter": ReactSixteenAdapter {
      "options": Object {
        "enableComponentDidUpdateOnSetState": true,
      },
    },
  },
}
`;
