// Jest Snapshot v1, https://goo.gl/fbAQLP

exports[`render correctly 1`] = `
Array [
  .c2 {
  border: none;
  min-width: 0;
  padding: 1rem 2rem;
  text-align: center;
  border-radius: 3px;
  font-size: 1rem;
  cursor: pointer;
  text-transform: uppercase;
  -webkit-transition-duration: 0.3s;
  transition-duration: 0.3s;
  padding: 0;
  color: #024A8F;
  background-color: inherit;
}

.c2:disabled {
  cursor: not-allowed;
}

.c2:disabled {
  color: #D1D1D1;
  opacity: 0.5;
}

.c2:hover:not(:disabled) {
  color: #38A9DB;
}

.c0 {
  display: -webkit-box;
  display: -webkit-flex;
  display: -ms-flexbox;
  display: flex;
  -webkit-flex-direction: row;
  -ms-flex-direction: row;
  flex-direction: row;
  -webkit-box-pack: justify;
  -webkit-justify-content: space-between;
  -ms-flex-pack: justify;
  justify-content: space-between;
  -webkit-align-items: center;
  -webkit-box-align: center;
  -ms-flex-align: center;
  align-items: center;
  margin: 0.5rem 0;
}

.c1 {
  color: #070707;
  font-size: 18px;
  font-weight: normal;
  margin: 0;
}

<div
    className="c0"
  >
    <h4
      className="c1"
      color="#070707"
    >
      Modifiers
    </h4>
    <button
      className="c2"
      onClick={[Function]}
      style={
        Object {
          "fontWeight": 600,
        }
      }
    >
      Edit
    </button>
  </div>,
  .c1 {
  display: -webkit-box;
  display: -webkit-flex;
  display: -ms-flexbox;
  display: flex;
  -webkit-flex-direction: row;
  -ms-flex-direction: row;
  flex-direction: row;
  -webkit-box-pack: end;
  -webkit-justify-content: flex-end;
  -ms-flex-pack: end;
  justify-content: flex-end;
}

.c4 {
  display: -webkit-box;
  display: -webkit-flex;
  display: -ms-flexbox;
  display: flex;
  -webkit-flex-direction: row;
  -ms-flex-direction: row;
  flex-direction: row;
  -webkit-align-items: center;
  -webkit-box-align: center;
  -ms-flex-align: center;
  align-items: center;
  min-height: 36px;
  padding: 14px 0;
}

.c7 {
  display: -webkit-box;
  display: -webkit-flex;
  display: -ms-flexbox;
  display: flex;
  -webkit-flex-direction: row;
  -ms-flex-direction: row;
  flex-direction: row;
  width: 33%;
}

.c8 {
  display: -webkit-box;
  display: -webkit-flex;
  display: -ms-flexbox;
  display: flex;
  -webkit-flex-direction: row;
  -ms-flex-direction: row;
  flex-direction: row;
  -webkit-box-pack: end;
  -webkit-justify-content: flex-end;
  -ms-flex-pack: end;
  justify-content: flex-end;
  width: 33%;
}

.c0 {
  padding: 1.5rem;
}

.c2 {
  width: 33%;
}

.c3 {
  font-size: 14px;
  color: #999999;
  margin: 0;
  text-align: right;
}

.c5 {
  font-size: undefinedpx;
  color: #999999;
  margin: 0;
}

.c6 {
  font-size: undefinedpx;
  color: #070707;
  margin: 0;
  text-align: right;
}

.c9 {
  font-size: undefinedpx;
  font-weight: 700;
  color: #070707;
  margin: 0;
}

.c10 {
  font-size: undefinedpx;
  font-weight: 700;
  color: #070707;
  margin: 0;
  text-align: right;
}

<div
    className="c0"
  >
    <div
      className="c1"
      direction="row"
    >
      <div
        className="c2"
        width="33%"
      >
        <p
          className="c3"
          color="#999999"
          size={14}
        >
          EVENT SCORE
        </p>
      </div>
      <div
        className="c2"
        width="33%"
      >
        <p
          className="c3"
          color="#999999"
          size={14}
        >
          SPRING VALUE
        </p>
      </div>
    </div>
    <div
      className="c4"
      direction="row"
    >
      <div
        className="c2"
        width="33%"
      >
        <p
          className="c5"
          color="#999999"
        >
          PREDICTED
        </p>
      </div>
      <div
        className="c2"
        width="33%"
      >
        <p
          className="c6"
        >
          1.00
        </p>
      </div>
      <div
        className="c2"
        width="33%"
      >
        <p
          className="c6"
        >
          1.0000
        </p>
      </div>
    </div>
    <div
      className="c4"
      direction="row"
      style={
        Object {
          "borderBottom": "1px solid #EEEEEE",
          "borderTop": "1px solid #EEEEEE",
        }
      }
    >
      <div
        className="c7"
        width="33%"
      >
        <p
          className="c5"
          color="#999999"
        >
          MODIFIER
        </p>
      </div>
      <div
        className="c8"
        width="33%"
      >
        <p
          className="c6"
        >
          1.00
        </p>
      </div>
      <div
        className="c8"
        width="33%"
      >
        <p
          className="c6"
        >
          1.0000
        </p>
      </div>
    </div>
    <div
      className="c4"
      direction="row"
    >
      <div
        className="c2"
        width="33%"
      >
        <p
          className="c9"
        >
          FINAL
        </p>
      </div>
      <div
        className="c2"
        width="33%"
      >
        <p
          className="c10"
        >
          2.00
        </p>
      </div>
      <div
        className="c2"
        width="33%"
      >
        <p
          className="c10"
        >
          2.0000
        </p>
      </div>
    </div>
  </div>,
  .c0 {
  display: -webkit-box;
  display: -webkit-flex;
  display: -ms-flexbox;
  display: flex;
}

.c0 > *:not(:first-child) {
  margin-left: 8px;
}

<div
    className="c0"
  />,
]
`;
