// Jest Snapshot v1, https://goo.gl/fbAQLP

exports[`defaultCellRenderer should render correctly 1`] = `
<Flex
  align="center"
>
   
   
</Flex>
`;

exports[`defaultCellRenderer should render correctly when editing 1`] = `
<Flex
  align="center"
>
  <NumberInputField
    component={
      Object {
        "$$typeof": Symbol(react.forward_ref),
        "attrs": Array [
          [Function],
        ],
        "componentStyle": ComponentStyle {
          "componentId": "sc-kUaPvJ",
          "isStatic": false,
          "rules": Array [
            "
  position: relative;
  padding: 15px;
  font-size: 14px;
  border: 2px solid ",
            "#0A169A",
            ";
  border-color: ",
            [Function],
            ";
  border-radius: 3px;
  background: ",
            [Function],
            ";
  ::placeholder {
    color: ",
            "#999999",
            ";
  }
",
            "
  display: block;
  background: ",
            [Function],
            ";
  background-image: ",
            [Function],
            ";
  background-repeat: no-repeat;
  background-position: right center;
  &:-webkit-autofill {
    animation-name: ",
            [Function],
            ";
    animation-fill-mode: both;
  }
  width: ",
            [Function],
            ";
",
            "
  margin: 0 0.5rem 0 0;
  padding: 10px 8px;
  max-height: 35px;
  max-width: 80px;
",
          ],
        },
        "displayName": "Styled(Styled(styled.input))",
        "foldedComponentIds": Array [
          "sc-kvZOFW",
          "sc-jbKcbu",
        ],
        "render": [Function],
        "styledComponentId": "sc-kUaPvJ",
        "target": "input",
        "toString": [Function],
        "warnTooManyClasses": [Function],
        "withComponent": [Function],
      }
    }
    onChange={[Function]}
    placeholder="-"
    value=""
  />
</Flex>
`;
