// Jest Snapshot v1, https://goo.gl/fbAQLP

exports[`renders correctly 1`] = `
.c30 {
  display: inline-block;
  vertical-align: middle;
}

.c30 path {
  fill: #0A169A;
}

.c2 {
  display: -webkit-box;
  display: -webkit-flex;
  display: -ms-flexbox;
  display: flex;
  -webkit-flex-direction: row;
  -ms-flex-direction: row;
  flex-direction: row;
  -webkit-box-pack: justify;
  -webkit-justify-content: space-between;
  -ms-flex-pack: justify;
  justify-content: space-between;
  -webkit-align-items: center;
  -webkit-box-align: center;
  -ms-flex-align: center;
  align-items: center;
  height: 100%;
}

.c3 {
  display: -webkit-box;
  display: -webkit-flex;
  display: -ms-flexbox;
  display: flex;
  -webkit-flex-direction: row;
  -ms-flex-direction: row;
  flex-direction: row;
}

.c10 {
  display: -webkit-box;
  display: -webkit-flex;
  display: -ms-flexbox;
  display: flex;
  -webkit-flex-direction: column;
  -ms-flex-direction: column;
  flex-direction: column;
  width: 100%;
}

.c12 {
  display: -webkit-box;
  display: -webkit-flex;
  display: -ms-flexbox;
  display: flex;
  -webkit-flex-direction: row;
  -ms-flex-direction: row;
  flex-direction: row;
  -webkit-box-pack: justify;
  -webkit-justify-content: space-between;
  -ms-flex-pack: justify;
  justify-content: space-between;
  -webkit-align-items: center;
  -webkit-box-align: center;
  -ms-flex-align: center;
  align-items: center;
  margin: 0.5rem 0;
}

.c16 {
  display: -webkit-box;
  display: -webkit-flex;
  display: -ms-flexbox;
  display: flex;
  -webkit-flex-direction: row;
  -ms-flex-direction: row;
  flex-direction: row;
  -webkit-box-pack: end;
  -webkit-justify-content: flex-end;
  -ms-flex-pack: end;
  justify-content: flex-end;
}

.c19 {
  display: -webkit-box;
  display: -webkit-flex;
  display: -ms-flexbox;
  display: flex;
  -webkit-flex-direction: row;
  -ms-flex-direction: row;
  flex-direction: row;
  -webkit-align-items: center;
  -webkit-box-align: center;
  -ms-flex-align: center;
  align-items: center;
  min-height: 36px;
  padding: 14px 0;
}

.c22 {
  display: -webkit-box;
  display: -webkit-flex;
  display: -ms-flexbox;
  display: flex;
  -webkit-flex-direction: row;
  -ms-flex-direction: row;
  flex-direction: row;
  width: 33%;
}

.c23 {
  display: -webkit-box;
  display: -webkit-flex;
  display: -ms-flexbox;
  display: flex;
  -webkit-flex-direction: row;
  -ms-flex-direction: row;
  flex-direction: row;
  -webkit-box-pack: end;
  -webkit-justify-content: flex-end;
  -ms-flex-pack: end;
  justify-content: flex-end;
  width: 33%;
}

.c26 {
  display: -webkit-box;
  display: -webkit-flex;
  display: -ms-flexbox;
  display: flex;
  -webkit-flex-direction: column;
  -ms-flex-direction: column;
  flex-direction: column;
  width: 100%;
  padding: 0 20px;
}

.c27 {
  display: -webkit-box;
  display: -webkit-flex;
  display: -ms-flexbox;
  display: flex;
  -webkit-flex-direction: row;
  -ms-flex-direction: row;
  flex-direction: row;
  -webkit-align-items: center;
  -webkit-box-align: center;
  -ms-flex-align: center;
  align-items: center;
}

.c32 {
  display: -webkit-box;
  display: -webkit-flex;
  display: -ms-flexbox;
  display: flex;
  -webkit-flex-direction: row;
  -ms-flex-direction: row;
  flex-direction: row;
  -webkit-box-pack: center;
  -webkit-justify-content: center;
  -ms-flex-pack: center;
  justify-content: center;
  -webkit-align-items: center;
  -webkit-box-align: center;
  -ms-flex-align: center;
  align-items: center;
  margin: auto;
}

.c14 {
  border: none;
  min-width: 0;
  padding: 1rem 2rem;
  text-align: center;
  border-radius: 3px;
  font-size: 1rem;
  cursor: pointer;
  -webkit-transition-duration: 0.3s;
  transition-duration: 0.3s;
  color: #0A169A;
  background-color: inherit;
}

.c14:disabled {
  cursor: not-allowed;
}

.c14:disabled {
  color: #D1D1D1;
  opacity: 0.5;
}

.c14:hover:not(:disabled) {
  color: #38A9DB;
}

.c4 {
  color: #070707;
  font-size: 18px;
  font-weight: bold;
  margin: 0 2.5rem 0 0;
}

.c13 {
  color: #070707;
  font-size: 18px;
  font-weight: normal;
  margin: 0;
}

.c28 {
  color: #070707;
  font-size: 18px;
  font-weight: normal;
  margin: 0.5rem 1rem 0.5rem 0;
}

.c15 {
  padding: 1.5rem;
}

.c17 {
  width: 33%;
}

.c18 {
  font-size: 14px;
  color: #999999;
  margin: 0;
  text-align: right;
}

.c20 {
  color: #999999;
  margin: 0;
}

.c21 {
  color: #070707;
  margin: 0;
  text-align: right;
}

.c24 {
  font-weight: 700;
  color: #070707;
  margin: 0;
}

.c25 {
  font-weight: 700;
  color: #070707;
  margin: 0;
  text-align: right;
}

.c1 {
  border: 1px solid #D1D1D1;
  border-radius: 6px 6px 0 0;
  padding: 0 24px;
  height: 56px;
}

.c8 {
  cursor: pointer;
  width: 40px;
  height: 8px;
  border-radius: 1rem;
  background-color: #767676;
  position: relative;
}

.c8::before {
  content: '';
  position: absolute;
  border-radius: 50%;
  height: 15px;
  width: 15px;
  left: 0;
  top: 50%;
  -webkit-transform: translate(0px,-50%);
  -ms-transform: translate(0px,-50%);
  transform: translate(0px,-50%);
  border: 0.5px solid #1F49B6;
  box-shadow: 0 1px 1px #767676;
  background-color: #FFFFFF;
  -webkit-transition: 0.3s -webkit-transform;
  -webkit-transition: 0.3s transform;
  transition: 0.3s transform;
}

.c5 {
  display: -webkit-inline-box;
  display: -webkit-inline-flex;
  display: -ms-inline-flexbox;
  display: inline-flex;
  -webkit-box-pack: center;
  -webkit-justify-content: center;
  -ms-flex-pack: center;
  justify-content: center;
  -webkit-align-items: center;
  -webkit-box-align: center;
  -ms-flex-align: center;
  align-items: center;
  cursor: pointer;
}

.c6 {
  display: none;
  background-color: #767676;
}

.c6:checked + .c7 {
  background-color: #1F49B6;
}

.c6:disabled + .c7 {
  cursor: not-allowed;
}

.c11 {
  display: -webkit-box;
  display: -webkit-flex;
  display: -ms-flexbox;
  display: flex;
  -webkit-flex-direction: column;
  -ms-flex-direction: column;
  flex-direction: column;
  border-right: 1px solid #D1D1D1;
  padding: 0 20px;
  width: 100%;
}

.c29 {
  margin: 0.5rem 0;
  position: relative;
  width: 22px;
}

.c31 {
  position: absolute;
  bottom: 100%;
  left: -64px;
  background-color: #0A169A;
  color: white;
  border-radius: 10px;
  padding: 10px;
  width: 150px;
  font-size: 10px;
  display: none;
}

.c0 {
  background-color: #FFFFFF;
  margin-top: 25px;
}

.c9 {
  border: 1px solid #D1D1D1;
  border-top: none;
  padding: 18px 24px 30px;
  position: relative;
  display: -webkit-box;
  display: -webkit-flex;
  display: -ms-flexbox;
  display: flex;
  -webkit-flex-direction: column;
  -ms-flex-direction: column;
  flex-direction: column;
  padding: 20px 0;
  -webkit-box-pack: space-around;
  -webkit-justify-content: space-around;
  -ms-flex-pack: space-around;
  justify-content: space-around;
}

.c9 + .sc-oTbqq {
  padding-top: 24px;
}

.c9:last-child {
  border-radius: 0 0 6px 6px;
  padding-bottom: 18px;
}

<div
  className="sc-pRFjI c0"
>
  <header
    className="c1"
  >
    <div
      className="sc-AxirZ c2"
      height="100%"
    >
      <div
        className="sc-AxirZ c3"
      >
        <h4
          className="sc-fzoant c4"
          color="#070707"
        >
          Pricing
        </h4>
        <label
          className="c5"
          title="Enable pricing"
        >
          <input
            className="c6"
            disabled={false}
            onChange={[Function]}
            type="checkbox"
          />
          <span
            className="c7 c8"
            size={
              Object {
                "height": 8,
                "toggleRadius": 15,
                "width": 40,
              }
            }
          />
        </label>
      </div>
    </div>
  </header>
  <section
    className="sc-oTbqq c9"
  >
    <div
      className="sc-AxirZ c10"
      direction="column"
      width="100%"
    >
      <div
        className="sc-AxirZ c11"
        direction="column"
      >
        <div
          className="sc-AxirZ c12"
        >
          <h4
            className="sc-fzoant c13"
            color="#070707"
          >
            Modifiers
          </h4>
          <button
            className="sc-fzplWN c14"
            disabled={false}
            onClick={[Function]}
            style={
              Object {
                "fontWeight": 600,
              }
            }
          >
            Edit
          </button>
        </div>
        <div
          className="sc-fzpkqZ c15"
        >
          <div
            className="sc-AxirZ c16"
            direction="row"
          >
            <div
              className="sc-fzpkqZ c17"
              width="33%"
            >
              <p
                className="sc-fznLPX c18"
                color="#999999"
                size={14}
              >
                Event Score
              </p>
            </div>
            <div
              className="sc-fzpkqZ c17"
              width="33%"
            >
              <p
                className="sc-fznLPX c18"
                color="#999999"
                size={14}
              >
                Spring Value
              </p>
            </div>
          </div>
          <div
            className="sc-AxirZ c19"
            direction="row"
          >
            <div
              className="sc-fzpkqZ c17"
              width="33%"
            >
              <p
                className="sc-fznLPX c20"
                color="#999999"
              >
                Predicted
              </p>
            </div>
            <div
              className="sc-fzpkqZ c17"
              width="33%"
            >
              <p
                className="sc-fznLPX c21 private"
              >
                1.00
              </p>
            </div>
            <div
              className="sc-fzpkqZ c17"
              width="33%"
            >
              <p
                className="sc-fznLPX c21 private"
              >
                1.0000
              </p>
            </div>
          </div>
          <div
            className="sc-AxirZ c19"
            direction="row"
            style={
              Object {
                "borderBottom": "1px solid #EEEEEE",
                "borderTop": "1px solid #EEEEEE",
              }
            }
          >
            <div
              className="sc-AxirZ c22"
              width="33%"
            >
              <p
                className="sc-fznLPX c20"
                color="#999999"
              >
                Modifier
              </p>
            </div>
            <div
              className="sc-AxirZ c23"
              width="33%"
            >
              <p
                className="sc-fznLPX c21 private"
              >
                1.00
              </p>
            </div>
            <div
              className="sc-AxirZ c23"
              width="33%"
            >
              <p
                className="sc-fznLPX c21 private"
              >
                1.0000
              </p>
            </div>
          </div>
          <div
            className="sc-AxirZ c19"
            direction="row"
            style={
              Object {
                "borderBottom": "1px solid #EEEEEE",
              }
            }
          >
            <div
              className="sc-AxirZ c22"
              width="33%"
            >
              <p
                className="sc-fznLPX c20"
                color="#999999"
              >
                Velocity
              </p>
            </div>
            <div
              className="sc-AxirZ c23"
              width="33%"
            >
              <p
                className="sc-fznLPX c21 private"
              >
                --
              </p>
            </div>
            <div
              className="sc-AxirZ c23"
              width="33%"
            />
          </div>
          <div
            className="sc-AxirZ c19"
            direction="row"
          >
            <div
              className="sc-fzpkqZ c17"
              width="33%"
            >
              <p
                className="sc-fznLPX c24"
              >
                Final
              </p>
            </div>
            <div
              className="sc-fzpkqZ c17"
              width="33%"
            >
              <p
                className="sc-fznLPX c25 private"
              >
                --
              </p>
            </div>
            <div
              className="sc-fzpkqZ c17"
              width="33%"
            >
              <p
                className="sc-fznLPX c25 private"
              >
                2.0000
              </p>
            </div>
          </div>
        </div>
      </div>
      <div
        className="sc-AxirZ c26"
        direction="column"
        width="100%"
      >
        <div
          className="sc-AxirZ c27"
        >
          <h4
            className="sc-fzoant c28"
            color="#070707"
          >
            Preview
          </h4>
          <div
            className="sc-fzpkqZ c29"
            onMouseEnter={[Function]}
            onMouseLeave={[Function]}
          >
            <svg
              className="c30"
              color="#0A169A"
              height="22px"
              viewBox="0 0 24 24"
              width="22px"
            >
              <path
                d="M11 7h2v2h-2zm0 4h2v6h-2zm1-9C6.48 2 2 6.48 2 12s4.48 10 10 10 10-4.48 10-10S17.52 2 12 2zm0 18c-4.41 0-8-3.59-8-8s3.59-8 8-8 8 3.59 8 8-3.59 8-8 8z"
              />
            </svg>
            <div
              className="c31"
            >
              The preview is calculated off the final values from Event Score and Spring value in relation to modifiers that are entered.
            </div>
          </div>
        </div>
        <div
          className="sc-AxirZ c32"
        >
          <p
            className="sc-fznLPX c20"
            color="#999999"
          >
            No Price Preview
          </p>
        </div>
      </div>
    </div>
  </section>
</div>
`;
