// Jest Snapshot v1, https://goo.gl/fbAQLP

exports[`<Onboard /> renders correctly 1`] = `ShallowWrapper {}`;
