// Jest Snapshot v1, https://goo.gl/fbAQLP

exports[`renders correctly with no props 1`] = `
<div>
  <div
    className="sc-cHGsZl kjQnlZ"
  >
    <div
      className="sc-fMiknA hlNxzZ"
    >
      <h4
        className="sc-kjoXOD gHaHcG"
      >
        2018 Season
      </h4>
      <div
        className="sc-fMiknA hFCTbF"
        height="4px"
      />
      <input
        className="sc-hMqMXs kIiiqr"
        placeholder="Search"
        type="text"
      />
      <div
        className="sc-fMiknA hFCTbF"
        height="4px"
      />
      <div
        className="sc-kgoBCf fOSLLy"
        direction="row"
      >
        <div
          className="sc-bRBYWo bhewGY"
        >
          <div
            className="sc-kgoBCf bOvlAE"
            direction="row"
          >
            <p
              className="sc-hzDkRC hTSQNn"
              onClick={[Function]}
            >
              Upcoming
            </p>
            <div
              className="sc-jhAzac hmzSPl"
            >
              <div
                className="sc-fBuWsC bIToNP"
              >
                <svg
                  className="sc-chPdSV hncgqc"
                  color="#808080"
                  viewBox="0 0 24 24"
                  width="24px"
                >
                  <path
                    d="M7 14l5-5 5 5z"
                  />
                </svg>
              </div>
              <div
                className="sc-fBuWsC ewaGuK"
              >
                <svg
                  className="sc-chPdSV gADjDG"
                  color="#000"
                  viewBox="0 0 24 24"
                  width="24px"
                >
                  <path
                    d="M7 10l5 5 5-5z"
                  />
                </svg>
              </div>
            </div>
          </div>
        </div>
        <div>
          <div
            className="sc-kpOJdX kkGiTF"
          >
            <div
              className="sc-kgoBCf bOvlAE"
              direction="row"
            >
              <p
                className="sc-dxgOiQ hwxOEL"
                onClick={[Function]}
              >
                All Events
              </p>
              <svg
                className="sc-chPdSV gADjDG"
                color="#000"
                viewBox="0 0 24 24"
                width="24px"
              >
                <path
                  d="M7 10l5 5 5-5z"
                />
              </svg>
            </div>
            <div
              className="sc-ckVGcZ gwIFHO"
            >
              <div
                className="sc-jKJlTe kFHFms"
                onClick={[Function]}
              >
                All Events
              </div>
              <div
                className="sc-jKJlTe kFHFms"
                onClick={[Function]}
              >
                Promotions
              </div>
            </div>
          </div>
        </div>
      </div>
    </div>
  </div>
  <div>
    <div
      className="sc-gisBJw fWRUul"
      onClick={[Function]}
    >
      <div
        className="sc-kGXeez cWJdvh"
      >
        <div
          className="sc-kgoBCf fOSLLy"
          direction="row"
        >
          <p
            className="sc-htoDjs hGdgwo"
            color="#999999"
          >
            GAME SCORE: 
            --
          </p>
          <p
            className="sc-htoDjs hGdgwo"
            color="#999999"
          >
            updated 
            12 days
             ago
          </p>
        </div>
        <div
          className="sc-fMiknA kZgHio"
          height="16px"
        />
        <h4
          className="sc-caSCKo dLmmTk"
        >
          St. Louis Cardinals @ New York Mets
        </h4>
        <div
          className="sc-fMiknA fQrxJP"
          height="8px"
        />
        <div
          className="sc-kgoBCf fOSLLy"
          direction="row"
        >
          <p
            className="sc-htoDjs fXGNOh"
          >
            Wed, 4/25/18 @ 12:09PM
          </p>
          <p
            className="sc-htoDjs fXGNOh"
          >
            QUANTITY: 
            --
            /
            --
          </p>
        </div>
      </div>
      <div
        className="sc-fMiknA htWfub"
        width="16px"
      />
      <div
        className="sc-fMiknA dxRBnk"
        width="60px"
      >
        <div
          className="sc-kgoBCf eLedlk"
          direction="column"
        >
          <p
            className="sc-htoDjs hGdgwo"
            color="#999999"
          >
            promotion
          </p>
          <div
            className="sc-fMiknA fQrxJP"
            height="8px"
          />
          <svg
            className="sc-chPdSV lYzpY"
            color={undefined}
            viewBox="0 0 24 24"
            width="28px"
          >
            <path
              d="M9.01496516,15.424523 L8.26444368,21.0751434 L11.4855042,19.1425071 C11.8021866,18.9524976 12.1978134,18.9524976 12.5144958,19.1425071 L15.7358817,21.0753387 L14.9861004,15.4240941 C14.0634431,15.7955523 13.0555972,16 12,16 C10.9448091,16 9.93733283,15.7957097 9.01496516,15.424523 Z M7.13949704,14.3546913 C5.23083455,12.8926088 4,10.5900428 4,8 C4,3.581722 7.581722,0 12,0 C16.418278,0 20,3.581722 20,8 C20,10.5895337 18.7696493,12.8917035 16.8616285,14.353829 L17.9913131,22.8684771 C18.1014481,23.6985855 17.2035539,24.2883227 16.4855042,23.8574929 L12,21.1661904 L7.51449576,23.8574929 C6.79638903,24.288357 5.89844315,23.6984938 6.0087057,22.8683352 L7.13949704,14.3546913 Z M15.3305913,12.9914684 C16.9401106,11.9153689 18,10.0814597 18,8 C18,4.6862915 15.3137085,2 12,2 C8.6862915,2 6,4.6862915 6,8 C6,11.3137085 8.6862915,14 12,14 C13.1638413,14 14.2502872,13.6686308 15.170137,13.0950932 C15.2198314,13.0557718 15.2734995,13.0209907 15.3305913,12.9914684 Z"
            />
          </svg>
        </div>
      </div>
    </div>
    <div
      className="sc-gisBJw fWRUul"
      onClick={[Function]}
    >
      <div
        className="sc-kGXeez cWJdvh"
      >
        <div
          className="sc-kgoBCf fOSLLy"
          direction="row"
        >
          <p
            className="sc-htoDjs hGdgwo"
            color="#999999"
          >
            GAME SCORE: 
            --
          </p>
          <p
            className="sc-htoDjs hGdgwo"
            color="#999999"
          >
            updated 
            less than a minute
             ago
          </p>
        </div>
        <div
          className="sc-fMiknA kZgHio"
          height="16px"
        />
        <h4
          className="sc-caSCKo dLmmTk"
        >
          St. Louis Cardinals @ New York Mets
        </h4>
        <div
          className="sc-fMiknA fQrxJP"
          height="8px"
        />
        <div
          className="sc-kgoBCf fOSLLy"
          direction="row"
        >
          <p
            className="sc-htoDjs fXGNOh"
          >
            Wed, 4/25/18 @ 12:09PM
          </p>
          <p
            className="sc-htoDjs fXGNOh"
          >
            QUANTITY: 
            --
            /
            --
          </p>
        </div>
      </div>
      <div
        className="sc-fMiknA htWfub"
        width="16px"
      />
      <div
        className="sc-fMiknA dxRBnk"
        width="60px"
      />
    </div>
    <div
      className="sc-gisBJw fWRUul"
      onClick={[Function]}
    >
      <div
        className="sc-kGXeez cWJdvh"
      >
        <div
          className="sc-kgoBCf fOSLLy"
          direction="row"
        >
          <p
            className="sc-htoDjs hGdgwo"
            color="#999999"
          >
            GAME SCORE: 
            --
          </p>
          <p
            className="sc-htoDjs hGdgwo"
            color="#999999"
          >
            updated 
            less than a minute
             ago
          </p>
        </div>
        <div
          className="sc-fMiknA kZgHio"
          height="16px"
        />
        <h4
          className="sc-caSCKo dLmmTk"
        >
          St. Louis Cardinals @ New York Mets
        </h4>
        <div
          className="sc-fMiknA fQrxJP"
          height="8px"
        />
        <div
          className="sc-kgoBCf fOSLLy"
          direction="row"
        >
          <p
            className="sc-htoDjs fXGNOh"
          >
            Wed, 4/25/18 @ 12:09PM
          </p>
          <p
            className="sc-htoDjs fXGNOh"
          >
            QUANTITY: 
            --
            /
            --
          </p>
        </div>
      </div>
      <div
        className="sc-fMiknA htWfub"
        width="16px"
      />
      <div
        className="sc-fMiknA dxRBnk"
        width="60px"
      />
    </div>
    <div
      className="sc-gisBJw hVXddK"
      onClick={[Function]}
    >
      <div
        className="sc-kGXeez cWJdvh"
      >
        <div
          className="sc-kgoBCf fOSLLy"
          direction="row"
        >
          <p
            className="sc-htoDjs hGdgwo"
            color="#999999"
          >
            GAME SCORE: 
            --
          </p>
          <p
            className="sc-htoDjs hGdgwo"
            color="#999999"
          >
            updated 
            less than a minute
             ago
          </p>
        </div>
        <div
          className="sc-fMiknA kZgHio"
          height="16px"
        />
        <h4
          className="sc-caSCKo dLmmTk"
        >
          St. Louis Cardinals @ New York Mets
        </h4>
        <div
          className="sc-fMiknA fQrxJP"
          height="8px"
        />
        <div
          className="sc-kgoBCf fOSLLy"
          direction="row"
        >
          <p
            className="sc-htoDjs fXGNOh"
          >
            Tue, 4/24/18 @ 12:09PM
          </p>
          <p
            className="sc-htoDjs fXGNOh"
          >
            QUANTITY: 
            --
            /
            --
          </p>
        </div>
      </div>
      <div
        className="sc-fMiknA htWfub"
        width="16px"
      />
      <div
        className="sc-fMiknA dxRBnk"
        width="60px"
      />
    </div>
    <div
      className="sc-gisBJw hVXddK"
      onClick={[Function]}
    >
      <div
        className="sc-kGXeez cWJdvh"
      >
        <div
          className="sc-kgoBCf fOSLLy"
          direction="row"
        >
          <p
            className="sc-htoDjs hGdgwo"
            color="#999999"
          >
            GAME SCORE: 
            --
          </p>
          <p
            className="sc-htoDjs hGdgwo"
            color="#999999"
          >
            updated 
            less than a minute
             ago
          </p>
        </div>
        <div
          className="sc-fMiknA kZgHio"
          height="16px"
        />
        <h4
          className="sc-caSCKo dLmmTk"
        >
          St. Louis Cardinals @ New York Mets
        </h4>
        <div
          className="sc-fMiknA fQrxJP"
          height="8px"
        />
        <div
          className="sc-kgoBCf fOSLLy"
          direction="row"
        >
          <p
            className="sc-htoDjs fXGNOh"
          >
            Tue, 4/24/18 @ 12:09PM
          </p>
          <p
            className="sc-htoDjs fXGNOh"
          >
            QUANTITY: 
            --
            /
            --
          </p>
        </div>
      </div>
      <div
        className="sc-fMiknA htWfub"
        width="16px"
      />
      <div
        className="sc-fMiknA dxRBnk"
        width="60px"
      >
        <div
          className="sc-kgoBCf eLedlk"
          direction="column"
        >
          <p
            className="sc-htoDjs hGdgwo"
            color="#999999"
          >
            promotion
          </p>
          <div
            className="sc-fMiknA fQrxJP"
            height="8px"
          />
          <svg
            className="sc-chPdSV fwbhwV"
            color="#767676"
            viewBox="0 0 24 24"
            width="28px"
          >
            <path
              d="M9.01496516,15.424523 L8.26444368,21.0751434 L11.4855042,19.1425071 C11.8021866,18.9524976 12.1978134,18.9524976 12.5144958,19.1425071 L15.7358817,21.0753387 L14.9861004,15.4240941 C14.0634431,15.7955523 13.0555972,16 12,16 C10.9448091,16 9.93733283,15.7957097 9.01496516,15.424523 Z M7.13949704,14.3546913 C5.23083455,12.8926088 4,10.5900428 4,8 C4,3.581722 7.581722,0 12,0 C16.418278,0 20,3.581722 20,8 C20,10.5895337 18.7696493,12.8917035 16.8616285,14.353829 L17.9913131,22.8684771 C18.1014481,23.6985855 17.2035539,24.2883227 16.4855042,23.8574929 L12,21.1661904 L7.51449576,23.8574929 C6.79638903,24.288357 5.89844315,23.6984938 6.0087057,22.8683352 L7.13949704,14.3546913 Z M15.3305913,12.9914684 C16.9401106,11.9153689 18,10.0814597 18,8 C18,4.6862915 15.3137085,2 12,2 C8.6862915,2 6,4.6862915 6,8 C6,11.3137085 8.6862915,14 12,14 C13.1638413,14 14.2502872,13.6686308 15.170137,13.0950932 C15.2198314,13.0557718 15.2734995,13.0209907 15.3305913,12.9914684 Z"
            />
          </svg>
        </div>
      </div>
    </div>
    <div
      className="sc-gisBJw hVXddK"
      onClick={[Function]}
    >
      <div
        className="sc-kGXeez cWJdvh"
      >
        <div
          className="sc-kgoBCf fOSLLy"
          direction="row"
        >
          <p
            className="sc-htoDjs hGdgwo"
            color="#999999"
          >
            GAME SCORE: 
            --
          </p>
          <p
            className="sc-htoDjs hGdgwo"
            color="#999999"
          >
            updated 
            12 days
             ago
          </p>
        </div>
        <div
          className="sc-fMiknA kZgHio"
          height="16px"
        />
        <h4
          className="sc-caSCKo dLmmTk"
        >
          St. Louis Cardinals @ New York Mets
        </h4>
        <div
          className="sc-fMiknA fQrxJP"
          height="8px"
        />
        <div
          className="sc-kgoBCf fOSLLy"
          direction="row"
        >
          <p
            className="sc-htoDjs fXGNOh"
          >
            Thu, 4/12/18 @ 3:45PM
          </p>
          <p
            className="sc-htoDjs fXGNOh"
          >
            QUANTITY: 
            --
            /
            --
          </p>
        </div>
      </div>
      <div
        className="sc-fMiknA htWfub"
        width="16px"
      />
      <div
        className="sc-fMiknA dxRBnk"
        width="60px"
      >
        <div
          className="sc-kgoBCf eLedlk"
          direction="column"
        >
          <p
            className="sc-htoDjs hGdgwo"
            color="#999999"
          >
            promotion
          </p>
          <div
            className="sc-fMiknA fQrxJP"
            height="8px"
          />
          <svg
            className="sc-chPdSV fwbhwV"
            color="#767676"
            viewBox="0 0 24 24"
            width="28px"
          >
            <path
              d="M9.01496516,15.424523 L8.26444368,21.0751434 L11.4855042,19.1425071 C11.8021866,18.9524976 12.1978134,18.9524976 12.5144958,19.1425071 L15.7358817,21.0753387 L14.9861004,15.4240941 C14.0634431,15.7955523 13.0555972,16 12,16 C10.9448091,16 9.93733283,15.7957097 9.01496516,15.424523 Z M7.13949704,14.3546913 C5.23083455,12.8926088 4,10.5900428 4,8 C4,3.581722 7.581722,0 12,0 C16.418278,0 20,3.581722 20,8 C20,10.5895337 18.7696493,12.8917035 16.8616285,14.353829 L17.9913131,22.8684771 C18.1014481,23.6985855 17.2035539,24.2883227 16.4855042,23.8574929 L12,21.1661904 L7.51449576,23.8574929 C6.79638903,24.288357 5.89844315,23.6984938 6.0087057,22.8683352 L7.13949704,14.3546913 Z M15.3305913,12.9914684 C16.9401106,11.9153689 18,10.0814597 18,8 C18,4.6862915 15.3137085,2 12,2 C8.6862915,2 6,4.6862915 6,8 C6,11.3137085 8.6862915,14 12,14 C13.1638413,14 14.2502872,13.6686308 15.170137,13.0950932 C15.2198314,13.0557718 15.2734995,13.0209907 15.3305913,12.9914684 Z"
            />
          </svg>
        </div>
      </div>
    </div>
    <div
      className="sc-gisBJw hVXddK"
      onClick={[Function]}
    >
      <div
        className="sc-kGXeez cWJdvh"
      >
        <div
          className="sc-kgoBCf fOSLLy"
          direction="row"
        >
          <p
            className="sc-htoDjs hGdgwo"
            color="#999999"
          >
            GAME SCORE: 
            --
          </p>
          <p
            className="sc-htoDjs hGdgwo"
            color="#999999"
          >
            updated 
            less than a minute
             ago
          </p>
        </div>
        <div
          className="sc-fMiknA kZgHio"
          height="16px"
        />
        <h4
          className="sc-caSCKo dLmmTk"
        >
          St. Louis Cardinals @ New York Mets
        </h4>
        <div
          className="sc-fMiknA fQrxJP"
          height="8px"
        />
        <div
          className="sc-kgoBCf fOSLLy"
          direction="row"
        >
          <p
            className="sc-htoDjs fXGNOh"
          >
            Tue, 4/24/18 @ 12:09PM
          </p>
          <p
            className="sc-htoDjs fXGNOh"
          >
            QUANTITY: 
            --
            /
            --
          </p>
        </div>
      </div>
      <div
        className="sc-fMiknA htWfub"
        width="16px"
      />
      <div
        className="sc-fMiknA dxRBnk"
        width="60px"
      />
    </div>
    <div
      className="sc-gisBJw hVXddK"
      onClick={[Function]}
    >
      <div
        className="sc-kGXeez cWJdvh"
      >
        <div
          className="sc-kgoBCf fOSLLy"
          direction="row"
        >
          <p
            className="sc-htoDjs hGdgwo"
            color="#999999"
          >
            GAME SCORE: 
            --
          </p>
          <p
            className="sc-htoDjs hGdgwo"
            color="#999999"
          >
            updated 
            less than a minute
             ago
          </p>
        </div>
        <div
          className="sc-fMiknA kZgHio"
          height="16px"
        />
        <h4
          className="sc-caSCKo dLmmTk"
        >
          St. Louis Cardinals @ New York Mets
        </h4>
        <div
          className="sc-fMiknA fQrxJP"
          height="8px"
        />
        <div
          className="sc-kgoBCf fOSLLy"
          direction="row"
        >
          <p
            className="sc-htoDjs fXGNOh"
          >
            Tue, 4/24/18 @ 12:09PM
          </p>
          <p
            className="sc-htoDjs fXGNOh"
          >
            QUANTITY: 
            --
            /
            --
          </p>
        </div>
      </div>
      <div
        className="sc-fMiknA htWfub"
        width="16px"
      />
      <div
        className="sc-fMiknA dxRBnk"
        width="60px"
      />
    </div>
    <div
      className="sc-gisBJw hVXddK"
      onClick={[Function]}
    >
      <div
        className="sc-kGXeez cWJdvh"
      >
        <div
          className="sc-kgoBCf fOSLLy"
          direction="row"
        >
          <p
            className="sc-htoDjs hGdgwo"
            color="#999999"
          >
            GAME SCORE: 
            --
          </p>
          <p
            className="sc-htoDjs hGdgwo"
            color="#999999"
          >
            updated 
            less than a minute
             ago
          </p>
        </div>
        <div
          className="sc-fMiknA kZgHio"
          height="16px"
        />
        <h4
          className="sc-caSCKo dLmmTk"
        >
          St. Louis Cardinals @ New York Mets
        </h4>
        <div
          className="sc-fMiknA fQrxJP"
          height="8px"
        />
        <div
          className="sc-kgoBCf fOSLLy"
          direction="row"
        >
          <p
            className="sc-htoDjs fXGNOh"
          >
            Tue, 4/24/18 @ 12:09PM
          </p>
          <p
            className="sc-htoDjs fXGNOh"
          >
            QUANTITY: 
            --
            /
            --
          </p>
        </div>
      </div>
      <div
        className="sc-fMiknA htWfub"
        width="16px"
      />
      <div
        className="sc-fMiknA dxRBnk"
        width="60px"
      />
    </div>
    <div
      className="sc-gisBJw hVXddK"
      onClick={[Function]}
    >
      <div
        className="sc-kGXeez cWJdvh"
      >
        <div
          className="sc-kgoBCf fOSLLy"
          direction="row"
        >
          <p
            className="sc-htoDjs hGdgwo"
            color="#999999"
          >
            GAME SCORE: 
            --
          </p>
          <p
            className="sc-htoDjs hGdgwo"
            color="#999999"
          >
            updated 
            less than a minute
             ago
          </p>
        </div>
        <div
          className="sc-fMiknA kZgHio"
          height="16px"
        />
        <h4
          className="sc-caSCKo dLmmTk"
        >
          St. Louis Cardinals @ New York Mets
        </h4>
        <div
          className="sc-fMiknA fQrxJP"
          height="8px"
        />
        <div
          className="sc-kgoBCf fOSLLy"
          direction="row"
        >
          <p
            className="sc-htoDjs fXGNOh"
          >
            Tue, 4/24/18 @ 12:09PM
          </p>
          <p
            className="sc-htoDjs fXGNOh"
          >
            QUANTITY: 
            --
            /
            --
          </p>
        </div>
      </div>
      <div
        className="sc-fMiknA htWfub"
        width="16px"
      />
      <div
        className="sc-fMiknA dxRBnk"
        width="60px"
      >
        <div
          className="sc-kgoBCf eLedlk"
          direction="column"
        >
          <p
            className="sc-htoDjs hGdgwo"
            color="#999999"
          >
            promotion
          </p>
          <div
            className="sc-fMiknA fQrxJP"
            height="8px"
          />
          <svg
            className="sc-chPdSV fwbhwV"
            color="#767676"
            viewBox="0 0 24 24"
            width="28px"
          >
            <path
              d="M9.01496516,15.424523 L8.26444368,21.0751434 L11.4855042,19.1425071 C11.8021866,18.9524976 12.1978134,18.9524976 12.5144958,19.1425071 L15.7358817,21.0753387 L14.9861004,15.4240941 C14.0634431,15.7955523 13.0555972,16 12,16 C10.9448091,16 9.93733283,15.7957097 9.01496516,15.424523 Z M7.13949704,14.3546913 C5.23083455,12.8926088 4,10.5900428 4,8 C4,3.581722 7.581722,0 12,0 C16.418278,0 20,3.581722 20,8 C20,10.5895337 18.7696493,12.8917035 16.8616285,14.353829 L17.9913131,22.8684771 C18.1014481,23.6985855 17.2035539,24.2883227 16.4855042,23.8574929 L12,21.1661904 L7.51449576,23.8574929 C6.79638903,24.288357 5.89844315,23.6984938 6.0087057,22.8683352 L7.13949704,14.3546913 Z M15.3305913,12.9914684 C16.9401106,11.9153689 18,10.0814597 18,8 C18,4.6862915 15.3137085,2 12,2 C8.6862915,2 6,4.6862915 6,8 C6,11.3137085 8.6862915,14 12,14 C13.1638413,14 14.2502872,13.6686308 15.170137,13.0950932 C15.2198314,13.0557718 15.2734995,13.0209907 15.3305913,12.9914684 Z"
            />
          </svg>
        </div>
      </div>
    </div>
  </div>
</div>
`;
