// Jest Snapshot v1, https://goo.gl/fbAQLP

exports[`<EventHeader /> should render correctly 1`] = `
ShallowWrapper {
  "length": 1,
  Symbol(enzyme.__root__): [Circular],
  Symbol(enzyme.__unrendered__): <EventHeader
    availableInventory={100}
    event={
        Object {
            "clientId": 1,
            "createdAt": 1529336865706,
            "id": 1,
            "integrationId": 1,
            "modifiedAt": 1529336865706,
            "name": "Some Event",
            "seasonId": 1,
            "timestamp": 1529336865706,
            "venueId": 1,
          }
    }
    totalInventory={1000}
/>,
  Symbol(enzyme.__renderer__): Object {
    "batchedUpdates": [Function],
    "getNode": [Function],
    "render": [Function],
    "simulateEvent": [Function],
    "unmount": [Function],
  },
  Symbol(enzyme.__node__): Object {
    "instance": null,
    "key": undefined,
    "nodeType": "class",
    "props": Object {
      "align": "flex-end",
      "children": <FlexItem
        flex="0 0 auto"
        margin="0 auto 0 0"
>
        <styled.h1>
                Some Event
        </styled.h1>
        <styled.h4>
                2018-06-18T15:47:45.706Z @dddd, MMMM Do, YYYY @ h:mmA
        </styled.h4>
        <Styled(Link)
                to="#"
        />
</FlexItem>,
      "justify": "space-between",
    },
    "ref": null,
    "rendered": Object {
      "instance": null,
      "key": undefined,
      "nodeType": "class",
      "props": Object {
        "children": Array [
          <styled.h1>
            Some Event
</styled.h1>,
          <styled.h4>
            2018-06-18T15:47:45.706Z @dddd, MMMM Do, YYYY @ h:mmA
</styled.h4>,
          <Styled(Link)
            to="#"
/>,
        ],
        "flex": "0 0 auto",
        "margin": "0 auto 0 0",
      },
      "ref": null,
      "rendered": Array [
        Object {
          "instance": null,
          "key": undefined,
          "nodeType": "class",
          "props": Object {
            "children": "Some Event",
          },
          "ref": null,
          "rendered": "Some Event",
          "type": [Function],
        },
        Object {
          "instance": null,
          "key": undefined,
          "nodeType": "class",
          "props": Object {
            "children": "2018-06-18T15:47:45.706Z @dddd, MMMM Do, YYYY @ h:mmA",
          },
          "ref": null,
          "rendered": "2018-06-18T15:47:45.706Z @dddd, MMMM Do, YYYY @ h:mmA",
          "type": [Function],
        },
        Object {
          "instance": null,
          "key": undefined,
          "nodeType": "class",
          "props": Object {
            "to": "#",
          },
          "ref": null,
          "rendered": null,
          "type": [Function],
        },
      ],
      "type": [Function],
    },
    "type": [Function],
  },
  Symbol(enzyme.__nodes__): Array [
    Object {
      "instance": null,
      "key": undefined,
      "nodeType": "class",
      "props": Object {
        "align": "flex-end",
        "children": <FlexItem
          flex="0 0 auto"
          margin="0 auto 0 0"
>
          <styled.h1>
                    Some Event
          </styled.h1>
          <styled.h4>
                    2018-06-18T15:47:45.706Z @dddd, MMMM Do, YYYY @ h:mmA
          </styled.h4>
          <Styled(Link)
                    to="#"
          />
</FlexItem>,
        "justify": "space-between",
      },
      "ref": null,
      "rendered": Object {
        "instance": null,
        "key": undefined,
        "nodeType": "class",
        "props": Object {
          "children": Array [
            <styled.h1>
              Some Event
</styled.h1>,
            <styled.h4>
              2018-06-18T15:47:45.706Z @dddd, MMMM Do, YYYY @ h:mmA
</styled.h4>,
            <Styled(Link)
              to="#"
/>,
          ],
          "flex": "0 0 auto",
          "margin": "0 auto 0 0",
        },
        "ref": null,
        "rendered": Array [
          Object {
            "instance": null,
            "key": undefined,
            "nodeType": "class",
            "props": Object {
              "children": "Some Event",
            },
            "ref": null,
            "rendered": "Some Event",
            "type": [Function],
          },
          Object {
            "instance": null,
            "key": undefined,
            "nodeType": "class",
            "props": Object {
              "children": "2018-06-18T15:47:45.706Z @dddd, MMMM Do, YYYY @ h:mmA",
            },
            "ref": null,
            "rendered": "2018-06-18T15:47:45.706Z @dddd, MMMM Do, YYYY @ h:mmA",
            "type": [Function],
          },
          Object {
            "instance": null,
            "key": undefined,
            "nodeType": "class",
            "props": Object {
              "to": "#",
            },
            "ref": null,
            "rendered": null,
            "type": [Function],
          },
        ],
        "type": [Function],
      },
      "type": [Function],
    },
  ],
  Symbol(enzyme.__options__): Object {
    "adapter": ReactSixteenAdapter {
      "options": Object {
        "enableComponentDidUpdateOnSetState": true,
      },
    },
  },
}
`;
