// Jest Snapshot v1, https://goo.gl/fbAQLP

exports[`renders correctly 1`] = `
.c3 {
  display: inline-block;
  vertical-align: middle;
}

.c3 path {
  fill: #000;
}

.c1 {
  display: -webkit-box;
  display: -webkit-flex;
  display: -ms-flexbox;
  display: flex;
  -webkit-flex-direction: row;
  -ms-flex-direction: row;
  flex-direction: row;
  -webkit-align-items: center;
  -webkit-box-align: center;
  -ms-flex-align: center;
  align-items: center;
}

.c0 {
  display: inline-block;
  position: relative;
}

.c2 {
  margin: 0;
  color: #070707;
  font-size: 1rem;
  font-weight: normal;
  color: #38A9DB;
  -webkit-transition: 0.2s ease-in-out all;
  transition: 0.2s ease-in-out all;
}

.c2:hover {
  cursor: pointer;
  color: #228ebe;
}

.c4 {
  position: absolute;
  width: 180px;
  top: calc(100% + 8px);
  z-index: 10;
  border: 1px solid #EEEEEE;
  box-shadow: 0 20px 20px rgba(0,0,0,0.06);
  -webkit-transition: 0.1s ease-in-out all;
  transition: 0.1s ease-in-out all;
  opacity: 0;
  -webkit-transform: translateY(20px);
  -ms-transform: translateY(20px);
  transform: translateY(20px);
  visibility: hidden;
}

.c5 {
  padding: 12px 16px;
  background-color: #FFFFFF;
  -webkit-transition: 0.1s ease-in-out all;
  transition: 0.1s ease-in-out all;
}

.c5:not(:last-child) {
  border-bottom: 1px solid #EEEEEE;
}

.c5:hover {
  cursor: pointer;
  background-color: #f2f2f2;
}

<div>
  <div
    className="c0"
  >
    <div
      className="c1"
      direction="row"
    >
      <p
        className="c2"
        onClick={[Function]}
      >
        dog
      </p>
      <svg
        className="c3"
        color="#000"
        height="24px"
        viewBox="0 0 24 24"
        width="24px"
      >
        <path
          d="M0,6.5l12,12,12-12Z"
        />
      </svg>
    </div>
    <div
      className="c4"
    >
      <div
        className="c5"
        onClick={[Function]}
      >
        dog
      </div>
      <div
        className="c5"
        onClick={[Function]}
      >
        cat
      </div>
    </div>
  </div>
</div>
`;
