// Jest Snapshot v1, https://goo.gl/fbAQLP

exports[`renders correctly 1`] = `
.c0 {
  overflow: hidden;
  white-space: nowrap;
  width: 100%;
  max-width: 100%;
  font-size: 0;
  margin: 0;
  padding: 0;
}

.c1 {
  background-color: #FFF;
  display: inline-block;
  height: 25px;
  width: 20.00%;
  -webkit-transform-origin: left;
  -ms-transform-origin: left;
  transform-origin: left;
  -webkit-transition: width 0.5s ease-in-out;
  transition: width 0.5s ease-in-out;
  -webkit-animation: jGecwr 1s ease-in-out;
  animation: jGecwr 1s ease-in-out;
}

.c1:not(:last-child) {
  border-right: 1px solid #FFFFFF;
}

.c2 {
  background-color: #000;
  display: inline-block;
  height: 25px;
  width: 30.00%;
  -webkit-transform-origin: left;
  -ms-transform-origin: left;
  transform-origin: left;
  -webkit-transition: width 0.5s ease-in-out;
  transition: width 0.5s ease-in-out;
  -webkit-animation: jGecwr 1s ease-in-out;
  animation: jGecwr 1s ease-in-out;
}

.c2:not(:last-child) {
  border-right: 1px solid #FFFFFF;
}

.c3 {
  background-color: #AAA;
  display: inline-block;
  height: 25px;
  width: 50.00%;
  -webkit-transform-origin: left;
  -ms-transform-origin: left;
  transform-origin: left;
  -webkit-transition: width 0.5s ease-in-out;
  transition: width 0.5s ease-in-out;
  -webkit-animation: jGecwr 1s ease-in-out;
  animation: jGecwr 1s ease-in-out;
}

.c3:not(:last-child) {
  border-right: 1px solid #FFFFFF;
}

<div
  className="c0"
>
  <div
    className="c1"
    width="20.00"
  />
  <div
    className="c2"
    width="30.00"
  />
  <div
    className="c3"
    width="50.00"
  />
</div>
`;
