// Jest Snapshot v1, https://goo.gl/fbAQLP

exports[`renders correctly 1`] = `
.c0 {
  font-size: 10px;
  font-weight: bold;
  font-family: 'Roboto';
  line-height: 130%;
  color: #070707;
  cursor: pointer;
  -webkit-text-decoration: none;
  text-decoration: none;
}

<a
  className="c0"
/>
`;
