// Jest Snapshot v1, https://goo.gl/fbAQLP

exports[`<SelectDropdown /> renders correctly 1`] = `
.c3 {
  display: inline-block;
  vertical-align: middle;
}

.c0 {
  display: block;
  position: relative;
  min-width: 100px;
  cursor: pointer;
  text-align: left;
  border: 1px solid #667;
  border-radius: 3px;
  font-size: 14px;
}

.c1 {
  display: -webkit-box;
  display: -webkit-flex;
  display: -ms-flexbox;
  display: flex;
  -webkit-box-pack: justify;
  -webkit-justify-content: space-between;
  -ms-flex-pack: justify;
  justify-content: space-between;
  -webkit-align-items: center;
  -webkit-box-align: center;
  -ms-flex-align: center;
  align-items: center;
  padding: 8px 14px;
  border-bottom: 1px solid transparent;
}

.c2 {
  -webkit-transition: -webkit-transform ease-out 0.2s;
  -webkit-transition: transform ease-out 0.2s;
  transition: transform ease-out 0.2s;
  -webkit-transform: rotate(0);
  -ms-transform: rotate(0);
  transform: rotate(0);
}

<div>
  <div
    className="c0"
  >
    <div
      className="c1"
      onClick={[Function]}
    >
      <span>
        Option 1
      </span>
      <span
        className="c2"
      >
        <svg
          className="c3"
          height="12px"
          viewBox="0 0 24 24"
          width="12px"
        >
          <path
            d={
              Array [
                "M0,6.5l12,12,12-12Z",
              ]
            }
          />
        </svg>
      </span>
    </div>
  </div>
</div>
`;
