// Jest Snapshot v1, https://goo.gl/fbAQLP

exports[`renders correctly with edit prop 1`] = `
.c0 {
  display: grid;
  grid-template-columns: repeat(2,1fr);
  width: 100%;
  margin: 0;
}

<div
  className="c0"
/>
`;

exports[`renders correctly with no props 1`] = `
.c0 {
  display: grid;
  grid-template-columns: repeat(2,1fr);
  width: 100%;
  margin: 0;
}

<div
  className="c0"
/>
`;
