// Jest Snapshot v1, https://goo.gl/fbAQLP

exports[`renders correctly with props 1`] = `
.c4 {
  display: inline-block;
  vertical-align: middle;
}

.c4 path {
  fill: #FFFFFF;
}

.c6 {
  display: block;
  color: #FFFFFF;
  font-size: 16px;
  font-weight: 200;
  width: 30px;
  margin: 0;
  margin-top: 20px;
  margin-bottom: auto;
  margin-right: 20px;
  padding: 0.4em;
  padding-top: 0.3em;
  padding-bottom: 0.3em;
  border: 2px solid;
  border-radius: 3px;
  border-color: #38A9DB;
  background-color: #38A9DB;
}

.c6:hover {
  cursor: pointer;
  color: #FFFFFF;
  background-color: #2670AE;
  border-color: #2670AE;
}

.c6::before {
  content: ' 























































.c1 {;
}

.c2 {
  position: relative;
  cursor: pointer;
}

.c5 {
  position: absolute;
  width: 180px;
  top: calc(100% + 8px);
  z-index: 10;
  border: 1px solid #EEEEEE;
  box-shadow: 0 20px 20px rgba(0,0,0,0.06);
  -webkit-transition: 0.1s ease-in-out all;
  transition: 0.1s ease-in-out all;
  opacity: 0;
  -webkit-transform: translateY(20px);
  -ms-transform: translateY(20px);
  transform: translateY(20px);
  visibility: hidden;
}

.c0 {
  height: 100%;
  width: auto;
  margin: 0;
  padding-left: 20px;
  color: #FFFFFF;
  background: 'none';
}

.c3 {
  color: #070707;
  font-size: 18px;
  font-weight: normal;
  margin: 0;
  padding: 0;
  vertical-align: top;
  color: #FFFFFF;
}

.c7 {
  color: #024A8F;
  font-size: 22px;
  font-weight: normal;
  margin: 0;
  padding: 0;
  color: #FFFFFF;
  weight: 300;
}

<div
  className="c0"
>
  <div
    className=""
    direction="row"
  >
    <div>
      <div
        className="c1 c2"
        onClick={[Function]}
      >
        <div
          className=""
        >
          <h4
            className="c3"
            color="#070707"
          >
            Select a Season
          </h4>
          <svg
            className="c4"
            color="#FFFFFF"
            viewBox="0 0 24 24"
            width="24px"
          >
            <path
              d="M7 10l5 5 5-5z"
            />
          </svg>
        </div>
        <div
          className="c5"
        />
      </div>
    </div>
    <button
      className="c6"
      onClick={[MockFunction]}
    />
  </div>
  <div
    className=""
    direction="row"
  >
    <div
      className=""
    >
      <h3
        className="c7"
        color="#024A8F"
      >
        0.909
      </h3>
      <p
        className=""
        color="#FFFFFF"
      >
        <i>
          Win / Loss
        </i>
      </p>
    </div>
    <div
      className=""
    >
      <h3
        className="c7"
        color="#024A8F"
      >
        -10
      </h3>
      <p
        className=""
        color="#FFFFFF"
      >
        <i>
          Games Remaining
        </i>
      </p>
    </div>
  </div>
</div>
`;

exports[`renders correctly with toggledSidebar 1`] = `
.c4 {
  display: inline-block;
  vertical-align: middle;
}

.c4 path {
  fill: #FFFFFF;
}

.c6 {
  display: block;
  color: #FFFFFF;
  font-size: 16px;
  font-weight: 200;
  width: 30px;
  margin: 0;
  margin-top: 20px;
  margin-bottom: auto;
  margin-right: 20px;
  padding: 0.4em;
  padding-top: 0.3em;
  padding-bottom: 0.3em;
  border: 2px solid;
  border-radius: 3px;
  border-color: #38A9DB;
  background-color: #38A9DB;
}

.c6:hover {
  cursor: pointer;
  color: #FFFFFF;
  background-color: #2670AE;
  border-color: #2670AE;
}

.c6::before {
  content: ' 























































.c1 {;
}

.c2 {
  position: relative;
  cursor: pointer;
}

.c5 {
  position: absolute;
  width: 180px;
  top: calc(100% + 8px);
  z-index: 10;
  border: 1px solid #EEEEEE;
  box-shadow: 0 20px 20px rgba(0,0,0,0.06);
  -webkit-transition: 0.1s ease-in-out all;
  transition: 0.1s ease-in-out all;
  opacity: 0;
  -webkit-transform: translateY(20px);
  -ms-transform: translateY(20px);
  transform: translateY(20px);
  visibility: hidden;
}

.c0 {
  height: 100%;
  width: auto;
  margin: 0;
  padding-left: 20px;
  color: #FFFFFF;
  background: 'none';
}

.c3 {
  color: #070707;
  font-size: 18px;
  font-weight: normal;
  margin: 0;
  padding: 0;
  vertical-align: top;
  color: #FFFFFF;
}

.c7 {
  color: #024A8F;
  font-size: 22px;
  font-weight: normal;
  margin: 0;
  padding: 0;
  color: #FFFFFF;
  weight: 300;
}

<div
  className="c0"
>
  <div
    className=""
    direction="row"
  >
    <div>
      <div
        className="c1 c2"
        onClick={[Function]}
      >
        <div
          className=""
        >
          <h4
            className="c3"
            color="#070707"
          >
            Select a Season
          </h4>
          <svg
            className="c4"
            color="#FFFFFF"
            viewBox="0 0 24 24"
            width="24px"
          >
            <path
              d="M7 10l5 5 5-5z"
            />
          </svg>
        </div>
        <div
          className="c5"
        />
      </div>
    </div>
    <button
      className="c6"
      onClick={[MockFunction]}
    />
  </div>
  <div
    className=""
    direction="row"
  >
    <div
      className=""
    >
      <h3
        className="c7"
        color="#024A8F"
      >
        0.909
      </h3>
      <p
        className=""
        color="#FFFFFF"
      >
        <i>
          Win / Loss
        </i>
      </p>
    </div>
    <div
      className=""
    >
      <h3
        className="c7"
        color="#024A8F"
      >
        -10
      </h3>
      <p
        className=""
        color="#FFFFFF"
      >
        <i>
          Games Remaining
        </i>
      </p>
    </div>
  </div>
</div>
`;
