// Jest Snapshot v1, https://goo.gl/fbAQLP

exports[`<BuyerTypeStatusModalPresenter /> should render correctly 1`] = `
ShallowWrapper {
  Symbol(enzyme.__root__): [Circular],
  Symbol(enzyme.__unrendered__): <BuyerTypeStatusModalPresenter
    buyerTypeActions={
        Object {
            "closeBuyerTypesModal": [Function],
            "updateBuyerTypes": [Function],
          }
    }
    buyerTypes={Array []}
    buyerTypesInActivePriceRules={Array []}
    error={null}
    isLoading={false}
/>,
  Symbol(enzyme.__renderer__): Object {
    "batchedUpdates": [Function],
    "checkPropTypes": [Function],
    "getNode": [Function],
    "render": [Function],
    "simulateError": [Function],
    "simulateEvent": [Function],
    "unmount": [Function],
  },
  Symbol(enzyme.__node__): Object {
    "instance": null,
    "key": undefined,
    "nodeType": "class",
    "props": Object {
      "children": Array [
        <styled.div>
          <styled.div>
                    <styled.h4
                              type="secondary"
                    >
                              Buyer Types
                    </styled.h4>
                    <styled.input
                              component={[Function]}
                              onChange={[Function]}
                              placeholder="Filter Buyer Types"
                    />
          </styled.div>
          <styled.div>
                    <BuyerTypeHeader />
                    <styled.div
                              margin="1rem"
                    />
                    <Flex
                              align="center"
                              direction="column"
                              justify="center"
                    >
                              
                    </Flex>
          </styled.div>
          <styled.div>
                    <styled.p
                              color="#DC0A0A"
                              margin="0 1rem 1rem 0"
                              size={12}
                              weight={300}
                    />
                    <Flex
                              align="center"
                              justify="flex-end"
                    >
                              <styled.button
                                        disabled={false}
                                        onClick={[Function]}
                              >
                                        Cancel
                              </styled.button>
                              <styled.div
                                        margin="1rem"
                              />
                              <styled.button
                                        disabled={true}
                                        onClick={[Function]}
                              >
                                        Save
                              </styled.button>
                    </Flex>
          </styled.div>
</styled.div>,
        <styled.div
          onClick={[Function]}
/>,
      ],
    },
    "ref": null,
    "rendered": Array [
      Object {
        "instance": null,
        "key": undefined,
        "nodeType": "class",
        "props": Object {
          "children": Array [
            <styled.div>
              <styled.h4
                            type="secondary"
              >
                            Buyer Types
              </styled.h4>
              <styled.input
                            component={[Function]}
                            onChange={[Function]}
                            placeholder="Filter Buyer Types"
              />
</styled.div>,
            <styled.div>
              <BuyerTypeHeader />
              <styled.div
                            margin="1rem"
              />
              <Flex
                            align="center"
                            direction="column"
                            justify="center"
              >
                            
              </Flex>
</styled.div>,
            <styled.div>
              <styled.p
                            color="#DC0A0A"
                            margin="0 1rem 1rem 0"
                            size={12}
                            weight={300}
              />
              <Flex
                            align="center"
                            justify="flex-end"
              >
                            <styled.button
                                          disabled={false}
                                          onClick={[Function]}
                            >
                                          Cancel
                            </styled.button>
                            <styled.div
                                          margin="1rem"
                            />
                            <styled.button
                                          disabled={true}
                                          onClick={[Function]}
                            >
                                          Save
                            </styled.button>
              </Flex>
</styled.div>,
          ],
        },
        "ref": null,
        "rendered": Array [
          Object {
            "instance": null,
            "key": undefined,
            "nodeType": "class",
            "props": Object {
              "children": Array [
                <styled.h4
                  type="secondary"
>
                  Buyer Types
</styled.h4>,
                <styled.input
                  component={[Function]}
                  onChange={[Function]}
                  placeholder="Filter Buyer Types"
/>,
              ],
            },
            "ref": null,
            "rendered": Array [
              Object {
                "instance": null,
                "key": undefined,
                "nodeType": "class",
                "props": Object {
                  "children": "Buyer Types",
                  "type": "secondary",
                },
                "ref": null,
                "rendered": "Buyer Types",
                "type": [Function],
              },
              Object {
                "instance": null,
                "key": undefined,
                "nodeType": "class",
                "props": Object {
                  "component": [Function],
                  "onChange": [Function],
                  "placeholder": "Filter Buyer Types",
                },
                "ref": null,
                "rendered": null,
                "type": [Function],
              },
            ],
            "type": [Function],
          },
          Object {
            "instance": null,
            "key": undefined,
            "nodeType": "class",
            "props": Object {
              "children": Array [
                <BuyerTypeHeader />,
                <styled.div
                  margin="1rem"
/>,
                <Flex
                  align="center"
                  direction="column"
                  justify="center"
>
                  
</Flex>,
              ],
            },
            "ref": null,
            "rendered": Array [
              Object {
                "instance": null,
                "key": undefined,
                "nodeType": "function",
                "props": Object {},
                "ref": null,
                "rendered": null,
                "type": [Function],
              },
              Object {
                "instance": null,
                "key": undefined,
                "nodeType": "class",
                "props": Object {
                  "margin": "1rem",
                },
                "ref": null,
                "rendered": null,
                "type": [Function],
              },
              Object {
                "instance": null,
                "key": undefined,
                "nodeType": "class",
                "props": Object {
                  "align": "center",
                  "children": Array [],
                  "direction": "column",
                  "justify": "center",
                },
                "ref": null,
                "rendered": Array [],
                "type": [Function],
              },
            ],
            "type": [Function],
          },
          Object {
            "instance": null,
            "key": undefined,
            "nodeType": "class",
            "props": Object {
              "children": Array [
                <styled.p
                  color="#DC0A0A"
                  margin="0 1rem 1rem 0"
                  size={12}
                  weight={300}
/>,
                <Flex
                  align="center"
                  justify="flex-end"
>
                  <styled.button
                                    disabled={false}
                                    onClick={[Function]}
                  >
                                    Cancel
                  </styled.button>
                  <styled.div
                                    margin="1rem"
                  />
                  <styled.button
                                    disabled={true}
                                    onClick={[Function]}
                  >
                                    Save
                  </styled.button>
</Flex>,
              ],
            },
            "ref": null,
            "rendered": Array [
              Object {
                "instance": null,
                "key": undefined,
                "nodeType": "class",
                "props": Object {
                  "children": null,
                  "color": "#DC0A0A",
                  "margin": "0 1rem 1rem 0",
                  "size": 12,
                  "weight": 300,
                },
                "ref": null,
                "rendered": null,
                "type": [Function],
              },
              Object {
                "instance": null,
                "key": undefined,
                "nodeType": "class",
                "props": Object {
                  "align": "center",
                  "children": Array [
                    <styled.button
                      disabled={false}
                      onClick={[Function]}
>
                      Cancel
</styled.button>,
                    <styled.div
                      margin="1rem"
/>,
                    <styled.button
                      disabled={true}
                      onClick={[Function]}
>
                      Save
</styled.button>,
                  ],
                  "justify": "flex-end",
                },
                "ref": null,
                "rendered": Array [
                  Object {
                    "instance": null,
                    "key": undefined,
                    "nodeType": "class",
                    "props": Object {
                      "children": "Cancel",
                      "disabled": false,
                      "onClick": [Function],
                    },
                    "ref": null,
                    "rendered": "Cancel",
                    "type": [Function],
                  },
                  Object {
                    "instance": null,
                    "key": undefined,
                    "nodeType": "class",
                    "props": Object {
                      "margin": "1rem",
                    },
                    "ref": null,
                    "rendered": null,
                    "type": [Function],
                  },
                  Object {
                    "instance": null,
                    "key": undefined,
                    "nodeType": "class",
                    "props": Object {
                      "children": "Save",
                      "disabled": true,
                      "onClick": [Function],
                    },
                    "ref": null,
                    "rendered": "Save",
                    "type": [Function],
                  },
                ],
                "type": [Function],
              },
            ],
            "type": [Function],
          },
        ],
        "type": [Function],
      },
      Object {
        "instance": null,
        "key": undefined,
        "nodeType": "class",
        "props": Object {
          "onClick": [Function],
        },
        "ref": null,
        "rendered": null,
        "type": [Function],
      },
    ],
    "type": [Function],
  },
  Symbol(enzyme.__nodes__): Array [
    Object {
      "instance": null,
      "key": undefined,
      "nodeType": "class",
      "props": Object {
        "children": Array [
          <styled.div>
            <styled.div>
                        <styled.h4
                                    type="secondary"
                        >
                                    Buyer Types
                        </styled.h4>
                        <styled.input
                                    component={[Function]}
                                    onChange={[Function]}
                                    placeholder="Filter Buyer Types"
                        />
            </styled.div>
            <styled.div>
                        <BuyerTypeHeader />
                        <styled.div
                                    margin="1rem"
                        />
                        <Flex
                                    align="center"
                                    direction="column"
                                    justify="center"
                        >
                                    
                        </Flex>
            </styled.div>
            <styled.div>
                        <styled.p
                                    color="#DC0A0A"
                                    margin="0 1rem 1rem 0"
                                    size={12}
                                    weight={300}
                        />
                        <Flex
                                    align="center"
                                    justify="flex-end"
                        >
                                    <styled.button
                                                disabled={false}
                                                onClick={[Function]}
                                    >
                                                Cancel
                                    </styled.button>
                                    <styled.div
                                                margin="1rem"
                                    />
                                    <styled.button
                                                disabled={true}
                                                onClick={[Function]}
                                    >
                                                Save
                                    </styled.button>
                        </Flex>
            </styled.div>
</styled.div>,
          <styled.div
            onClick={[Function]}
/>,
        ],
      },
      "ref": null,
      "rendered": Array [
        Object {
          "instance": null,
          "key": undefined,
          "nodeType": "class",
          "props": Object {
            "children": Array [
              <styled.div>
                <styled.h4
                                type="secondary"
                >
                                Buyer Types
                </styled.h4>
                <styled.input
                                component={[Function]}
                                onChange={[Function]}
                                placeholder="Filter Buyer Types"
                />
</styled.div>,
              <styled.div>
                <BuyerTypeHeader />
                <styled.div
                                margin="1rem"
                />
                <Flex
                                align="center"
                                direction="column"
                                justify="center"
                >
                                
                </Flex>
</styled.div>,
              <styled.div>
                <styled.p
                                color="#DC0A0A"
                                margin="0 1rem 1rem 0"
                                size={12}
                                weight={300}
                />
                <Flex
                                align="center"
                                justify="flex-end"
                >
                                <styled.button
                                                disabled={false}
                                                onClick={[Function]}
                                >
                                                Cancel
                                </styled.button>
                                <styled.div
                                                margin="1rem"
                                />
                                <styled.button
                                                disabled={true}
                                                onClick={[Function]}
                                >
                                                Save
                                </styled.button>
                </Flex>
</styled.div>,
            ],
          },
          "ref": null,
          "rendered": Array [
            Object {
              "instance": null,
              "key": undefined,
              "nodeType": "class",
              "props": Object {
                "children": Array [
                  <styled.h4
                    type="secondary"
>
                    Buyer Types
</styled.h4>,
                  <styled.input
                    component={[Function]}
                    onChange={[Function]}
                    placeholder="Filter Buyer Types"
/>,
                ],
              },
              "ref": null,
              "rendered": Array [
                Object {
                  "instance": null,
                  "key": undefined,
                  "nodeType": "class",
                  "props": Object {
                    "children": "Buyer Types",
                    "type": "secondary",
                  },
                  "ref": null,
                  "rendered": "Buyer Types",
                  "type": [Function],
                },
                Object {
                  "instance": null,
                  "key": undefined,
                  "nodeType": "class",
                  "props": Object {
                    "component": [Function],
                    "onChange": [Function],
                    "placeholder": "Filter Buyer Types",
                  },
                  "ref": null,
                  "rendered": null,
                  "type": [Function],
                },
              ],
              "type": [Function],
            },
            Object {
              "instance": null,
              "key": undefined,
              "nodeType": "class",
              "props": Object {
                "children": Array [
                  <BuyerTypeHeader />,
                  <styled.div
                    margin="1rem"
/>,
                  <Flex
                    align="center"
                    direction="column"
                    justify="center"
>
                    
</Flex>,
                ],
              },
              "ref": null,
              "rendered": Array [
                Object {
                  "instance": null,
                  "key": undefined,
                  "nodeType": "function",
                  "props": Object {},
                  "ref": null,
                  "rendered": null,
                  "type": [Function],
                },
                Object {
                  "instance": null,
                  "key": undefined,
                  "nodeType": "class",
                  "props": Object {
                    "margin": "1rem",
                  },
                  "ref": null,
                  "rendered": null,
                  "type": [Function],
                },
                Object {
                  "instance": null,
                  "key": undefined,
                  "nodeType": "class",
                  "props": Object {
                    "align": "center",
                    "children": Array [],
                    "direction": "column",
                    "justify": "center",
                  },
                  "ref": null,
                  "rendered": Array [],
                  "type": [Function],
                },
              ],
              "type": [Function],
            },
            Object {
              "instance": null,
              "key": undefined,
              "nodeType": "class",
              "props": Object {
                "children": Array [
                  <styled.p
                    color="#DC0A0A"
                    margin="0 1rem 1rem 0"
                    size={12}
                    weight={300}
/>,
                  <Flex
                    align="center"
                    justify="flex-end"
>
                    <styled.button
                                        disabled={false}
                                        onClick={[Function]}
                    >
                                        Cancel
                    </styled.button>
                    <styled.div
                                        margin="1rem"
                    />
                    <styled.button
                                        disabled={true}
                                        onClick={[Function]}
                    >
                                        Save
                    </styled.button>
</Flex>,
                ],
              },
              "ref": null,
              "rendered": Array [
                Object {
                  "instance": null,
                  "key": undefined,
                  "nodeType": "class",
                  "props": Object {
                    "children": null,
                    "color": "#DC0A0A",
                    "margin": "0 1rem 1rem 0",
                    "size": 12,
                    "weight": 300,
                  },
                  "ref": null,
                  "rendered": null,
                  "type": [Function],
                },
                Object {
                  "instance": null,
                  "key": undefined,
                  "nodeType": "class",
                  "props": Object {
                    "align": "center",
                    "children": Array [
                      <styled.button
                        disabled={false}
                        onClick={[Function]}
>
                        Cancel
</styled.button>,
                      <styled.div
                        margin="1rem"
/>,
                      <styled.button
                        disabled={true}
                        onClick={[Function]}
>
                        Save
</styled.button>,
                    ],
                    "justify": "flex-end",
                  },
                  "ref": null,
                  "rendered": Array [
                    Object {
                      "instance": null,
                      "key": undefined,
                      "nodeType": "class",
                      "props": Object {
                        "children": "Cancel",
                        "disabled": false,
                        "onClick": [Function],
                      },
                      "ref": null,
                      "rendered": "Cancel",
                      "type": [Function],
                    },
                    Object {
                      "instance": null,
                      "key": undefined,
                      "nodeType": "class",
                      "props": Object {
                        "margin": "1rem",
                      },
                      "ref": null,
                      "rendered": null,
                      "type": [Function],
                    },
                    Object {
                      "instance": null,
                      "key": undefined,
                      "nodeType": "class",
                      "props": Object {
                        "children": "Save",
                        "disabled": true,
                        "onClick": [Function],
                      },
                      "ref": null,
                      "rendered": "Save",
                      "type": [Function],
                    },
                  ],
                  "type": [Function],
                },
              ],
              "type": [Function],
            },
          ],
          "type": [Function],
        },
        Object {
          "instance": null,
          "key": undefined,
          "nodeType": "class",
          "props": Object {
            "onClick": [Function],
          },
          "ref": null,
          "rendered": null,
          "type": [Function],
        },
      ],
      "type": [Function],
    },
  ],
  Symbol(enzyme.__options__): Object {
    "adapter": ReactSixteenAdapter {
      "options": Object {
        "enableComponentDidUpdateOnSetState": true,
        "legacyContextMode": "parent",
        "lifecycles": Object {
          "componentDidUpdate": Object {
            "onSetState": true,
          },
          "getChildContext": Object {
            "calledByRenderer": false,
          },
          "getDerivedStateFromProps": true,
          "getSnapshotBeforeUpdate": true,
          "setState": Object {
            "skipsComponentDidUpdateOnNullish": true,
          },
        },
      },
    },
  },
  Symbol(enzyme.__childContext__): null,
}
`;
