// Jest Snapshot v1, https://goo.gl/fbAQLP

exports[`<CumulativeInventoryChart /> should render correctly 1`] = `ShallowWrapper {}`;

exports[`<CumulativeInventoryChart /> should render correctly with a different height 1`] = `ShallowWrapper {}`;

exports[`<CumulativeInventoryChart /> should render correctly with no date 1`] = `ShallowWrapper {}`;
