// Jest Snapshot v1, https://goo.gl/fbAQLP

exports[`<CumulativeInventoryTooltip /> should render correctly 1`] = `ShallowWrapper {}`;

exports[`<CumulativeInventoryTooltip /> should render correctly when active is false 1`] = `ShallowWrapper {}`;

exports[`<CumulativeInventoryTooltip /> should render correctly when no payload is passed 1`] = `ShallowWrapper {}`;
