// Jest Snapshot v1, https://goo.gl/fbAQLP

exports[`<TeamIntegrations /> render correctly 1`] = `ShallowWrapper {}`;
