// Jest Snapshot v1, https://goo.gl/fbAQLP

exports[`<EventInventory /> index route should render correctly 1`] = `
ShallowWrapper {
  "length": 1,
  Symbol(enzyme.__root__): [Circular],
  Symbol(enzyme.__unrendered__): <Unknown
    event={Object {}}
/>,
  Symbol(enzyme.__renderer__): Object {
    "batchedUpdates": [Function],
    "getNode": [Function],
    "render": [Function],
    "simulateEvent": [Function],
    "unmount": [Function],
  },
  Symbol(enzyme.__node__): Object {
    "instance": null,
    "key": undefined,
    "nodeType": "class",
    "props": Object {
      "children": <Flex
        direction="column"
        height="100%"
>
        <styled.div
                padding="1.5rem 2rem"
        >
                <Connect(withSidebarEventHeader)
                        availableInventory={15000}
                        totalInventory={40000}
                />
        </styled.div>
        <styled.div
                height="2rem"
        />
        <FlexItem
                flex={1}
        >
                <Connect(VirtualizedEventInventoryPresenter)
                        event={Object {}}
                />
        </FlexItem>
</Flex>,
    },
    "ref": null,
    "rendered": Object {
      "instance": null,
      "key": undefined,
      "nodeType": "class",
      "props": Object {
        "children": Array [
          <styled.div
            padding="1.5rem 2rem"
>
            <Connect(withSidebarEventHeader)
                        availableInventory={15000}
                        totalInventory={40000}
            />
</styled.div>,
          <styled.div
            height="2rem"
/>,
          <FlexItem
            flex={1}
>
            <Connect(VirtualizedEventInventoryPresenter)
                        event={Object {}}
            />
</FlexItem>,
        ],
        "direction": "column",
        "height": "100%",
      },
      "ref": null,
      "rendered": Array [
        Object {
          "instance": null,
          "key": undefined,
          "nodeType": "class",
          "props": Object {
            "children": <Connect(withSidebarEventHeader)
              availableInventory={15000}
              totalInventory={40000}
/>,
            "padding": "1.5rem 2rem",
          },
          "ref": null,
          "rendered": Object {
            "instance": null,
            "key": undefined,
            "nodeType": "class",
            "props": Object {
              "availableInventory": 15000,
              "totalInventory": 40000,
            },
            "ref": null,
            "rendered": null,
            "type": [Function],
          },
          "type": [Function],
        },
        Object {
          "instance": null,
          "key": undefined,
          "nodeType": "class",
          "props": Object {
            "height": "2rem",
          },
          "ref": null,
          "rendered": null,
          "type": [Function],
        },
        Object {
          "instance": null,
          "key": undefined,
          "nodeType": "class",
          "props": Object {
            "children": <Connect(VirtualizedEventInventoryPresenter)
              event={Object {}}
/>,
            "flex": 1,
          },
          "ref": null,
          "rendered": Object {
            "instance": null,
            "key": undefined,
            "nodeType": "class",
            "props": Object {
              "event": Object {},
            },
            "ref": null,
            "rendered": null,
            "type": [Function],
          },
          "type": [Function],
        },
      ],
      "type": [Function],
    },
    "type": [Function],
  },
  Symbol(enzyme.__nodes__): Array [
    Object {
      "instance": null,
      "key": undefined,
      "nodeType": "class",
      "props": Object {
        "children": <Flex
          direction="column"
          height="100%"
>
          <styled.div
                    padding="1.5rem 2rem"
          >
                    <Connect(withSidebarEventHeader)
                              availableInventory={15000}
                              totalInventory={40000}
                    />
          </styled.div>
          <styled.div
                    height="2rem"
          />
          <FlexItem
                    flex={1}
          >
                    <Connect(VirtualizedEventInventoryPresenter)
                              event={Object {}}
                    />
          </FlexItem>
</Flex>,
      },
      "ref": null,
      "rendered": Object {
        "instance": null,
        "key": undefined,
        "nodeType": "class",
        "props": Object {
          "children": Array [
            <styled.div
              padding="1.5rem 2rem"
>
              <Connect(withSidebarEventHeader)
                            availableInventory={15000}
                            totalInventory={40000}
              />
</styled.div>,
            <styled.div
              height="2rem"
/>,
            <FlexItem
              flex={1}
>
              <Connect(VirtualizedEventInventoryPresenter)
                            event={Object {}}
              />
</FlexItem>,
          ],
          "direction": "column",
          "height": "100%",
        },
        "ref": null,
        "rendered": Array [
          Object {
            "instance": null,
            "key": undefined,
            "nodeType": "class",
            "props": Object {
              "children": <Connect(withSidebarEventHeader)
                availableInventory={15000}
                totalInventory={40000}
/>,
              "padding": "1.5rem 2rem",
            },
            "ref": null,
            "rendered": Object {
              "instance": null,
              "key": undefined,
              "nodeType": "class",
              "props": Object {
                "availableInventory": 15000,
                "totalInventory": 40000,
              },
              "ref": null,
              "rendered": null,
              "type": [Function],
            },
            "type": [Function],
          },
          Object {
            "instance": null,
            "key": undefined,
            "nodeType": "class",
            "props": Object {
              "height": "2rem",
            },
            "ref": null,
            "rendered": null,
            "type": [Function],
          },
          Object {
            "instance": null,
            "key": undefined,
            "nodeType": "class",
            "props": Object {
              "children": <Connect(VirtualizedEventInventoryPresenter)
                event={Object {}}
/>,
              "flex": 1,
            },
            "ref": null,
            "rendered": Object {
              "instance": null,
              "key": undefined,
              "nodeType": "class",
              "props": Object {
                "event": Object {},
              },
              "ref": null,
              "rendered": null,
              "type": [Function],
            },
            "type": [Function],
          },
        ],
        "type": [Function],
      },
      "type": [Function],
    },
  ],
  Symbol(enzyme.__options__): Object {
    "adapter": ReactSixteenAdapter {
      "options": Object {
        "enableComponentDidUpdateOnSetState": true,
      },
    },
  },
}
`;
