// Jest Snapshot v1, https://goo.gl/fbAQLP

exports[`renders correctly 1`] = `
.c0 {
  position: relative;
  cursor: pointer;
}

<div>
  <div
    className="c0"
  />
</div>
`;
